Script (
  ScriptBody (
    StatementList (
      StatementListItem (
        Statement (
          VariableStatement (
            VariableDeclarationList (
              VariableDeclaration (
                BindingIdentifier (
                  Identifier (
                    IdentifierName:  foo
                  )
                  Yield: false
                  Await: false
                )
              )
              VariableDeclaration (
                BindingIdentifier (
                  Identifier (
                    IdentifierName:  bar
                  )
                  Yield: false
                  Await: false
                )
              )
            )
          )
        )
      )
    )
  )
)
