MultiLineComment
LineTerminator
LineTerminator
Var
Whitespace
IdentifierName
Whitespace
Assign
Whitespace
IdentifierName
ParOpen
StringLiteral
ParClose
SemiColon
LineTerminator
Var
Whitespace
IdentifierName
Whitespace
Assign
Whitespace
IdentifierName
ParOpen
StringLiteral
ParClose
SemiColon
LineTerminator
If
ParOpen
IdentifierName
Whitespace
Equals
Whitespace
StringLiteral
Whitespace
LogicalOr
Whitespace
IdentifierName
Whitespace
Equals
Whitespace
Null
ParClose
LineTerminator
Whitespace
IdentifierName
Whitespace
Assign
Whitespace
DecimalLiteral
SemiColon
LineTerminator
If
ParOpen
IdentifierName
Equals
Whitespace
StringLiteral
Whitespace
LogicalOr
Whitespace
IdentifierName
Equals
Whitespace
Null
ParClose
LineTerminator
Whitespace
IdentifierName
Whitespace
Assign
Whitespace
DecimalLiteral
SemiColon
LineTerminator
IdentifierName
ParOpen
IdentifierName
Comma
Whitespace
IdentifierName
ParClose
SemiColon
LineTerminator
Function
Whitespace
IdentifierName
ParOpen
IdentifierName
Comma
Whitespace
IdentifierName
ParClose
LineTerminator
BraceOpen
LineTerminator
Whitespace
Var
Whitespace
IdentifierName
Assign
DecimalLiteral
SemiColon
LineTerminator
Whitespace
Var
Whitespace
IdentifierName
Whitespace
Assign
Whitespace
StringLiteral
SemiColon
LineTerminator
Whitespace
For
ParOpen
IdentifierName
Assign
DecimalLiteral
SemiColon
IdentifierName
LessThanOrEqualTo
IdentifierName
SemiColon
IdentifierName
UpdatePlus
ParClose
LineTerminator
Whitespace
BraceOpen
LineTerminator
Whitespace
IdentifierName
Whitespace
Assign
Whitespace
IdentifierName
Whitespace
Plus
Whitespace
StringLiteral
SemiColon
LineTerminator
Whitespace
While
ParOpen
IdentifierName
LessThanOrEqualTo
IdentifierName
ParClose
LineTerminator
Whitespace
BraceOpen
LineTerminator
Whitespace
IdentifierName
Whitespace
Assign
Whitespace
IdentifierName
Whitespace
Plus
Whitespace
StringLiteral
Whitespace
Plus
Whitespace
IdentifierName
Asterisk
IdentifierName
Whitespace
Plus
Whitespace
StringLiteral
SemiColon
LineTerminator
Whitespace
IdentifierName
Whitespace
Assign
Whitespace
IdentifierName
Whitespace
Plus
Whitespace
DecimalLiteral
SemiColon
LineTerminator
Whitespace
BraceClose
LineTerminator
Whitespace
IdentifierName
Whitespace
Assign
Whitespace
IdentifierName
Whitespace
Plus
Whitespace
StringLiteral
SemiColon
LineTerminator
Whitespace
IdentifierName
Whitespace
Assign
Whitespace
DecimalLiteral
SemiColon
LineTerminator
BraceClose
LineTerminator
IdentifierName
Whitespace
Assign
Whitespace
IdentifierName
Whitespace
Plus
Whitespace
StringLiteral
SemiColon
LineTerminator
IdentifierName
Dot
IdentifierName
ParOpen
IdentifierName
ParClose
SemiColon
LineTerminator
BraceClose
