MultiLineComment
LineTerminator
LineTerminator
Var
Whitespace
IdentifierName
Comma
Whitespace
IdentifierName
Comma
Whitespace
IdentifierName
SemiColon
Whitespace
SingleLineComment
LineTerminator
IdentifierName
Whitespace
Assign
Whitespace
DecimalLiteral
SemiColon
Whitespace
SingleLineComment
LineTerminator
IdentifierName
Whitespace
Assign
Whitespace
DecimalLiteral
SemiColon
Whitespace
SingleLineComment
LineTerminator
IdentifierName
Whitespace
Assign
Whitespace
IdentifierName
Whitespace
Plus
Whitespace
IdentifierName
SemiColon
Whitespace
SingleLineComment
LineTerminator
LineTerminator
IdentifierName
Dot
IdentifierName
ParOpen
StringLiteral
ParClose
Dot
IdentifierName
Whitespace
Assign
Whitespace
StringLiteral
Whitespace
Plus
Whitespace
IdentifierName
Whitespace
Plus
Whitespace
StringLiteral
SemiColon
